Archive member included to satisfy reference by file (symbol)

app/libapp.a(main.c.obj)      (--whole-archive)
zephyr/libzephyr.a(crc32c_sw.c.obj)
                              (--whole-archive)
zephyr/libzephyr.a(crc32_sw.c.obj)
                              (--whole-archive)
zephyr/libzephyr.a(crc16_sw.c.obj)
                              (--whole-archive)
zephyr/libzephyr.a(crc8_sw.c.obj)
                              (--whole-archive)
zephyr/libzephyr.a(crc7_sw.c.obj)
                              (--whole-archive)
zephyr/libzephyr.a(base64.c.obj)
                              (--whole-archive)
zephyr/libzephyr.a(cbprintf_packaged.c.obj)
                              (--whole-archive)
zephyr/libzephyr.a(dec.c.obj)
                              (--whole-archive)
zephyr/libzephyr.a(fdtable.c.obj)
                              (--whole-archive)
zephyr/libzephyr.a(hex.c.obj)
                              (--whole-archive)
zephyr/libzephyr.a(printk.c.obj)
                              (--whole-archive)
zephyr/libzephyr.a(rb.c.obj)  (--whole-archive)
zephyr/libzephyr.a(sem.c.obj)
                              (--whole-archive)
zephyr/libzephyr.a(thread_entry.c.obj)
                              (--whole-archive)
zephyr/libzephyr.a(timeutil.c.obj)
                              (--whole-archive)
zephyr/libzephyr.a(heap.c.obj)
                              (--whole-archive)
zephyr/libzephyr.a(heap-validate.c.obj)
                              (--whole-archive)
zephyr/libzephyr.a(bitarray.c.obj)
                              (--whole-archive)
zephyr/libzephyr.a(multi_heap.c.obj)
                              (--whole-archive)
zephyr/libzephyr.a(onoff.c.obj)
                              (--whole-archive)
zephyr/libzephyr.a(notify.c.obj)
                              (--whole-archive)
zephyr/libzephyr.a(cbprintf_complete.c.obj)
                              (--whole-archive)
zephyr/libzephyr.a(cbprintf.c.obj)
                              (--whole-archive)
zephyr/libzephyr.a(json.c.obj)
                              (--whole-archive)
zephyr/libzephyr.a(ring_buffer.c.obj)
                              (--whole-archive)
zephyr/libzephyr.a(assert.c.obj)
                              (--whole-archive)
zephyr/libzephyr.a(reboot.c.obj)
                              (--whole-archive)
zephyr/libzephyr.a(resource_table.c.obj)
                              (--whole-archive)
zephyr/libzephyr.a(configs.c.obj)
                              (--whole-archive)
zephyr/libzephyr.a(soc.c.obj)
                              (--whole-archive)
zephyr/libzephyr.a(sync_rtc.c.obj)
                              (--whole-archive)
zephyr/libzephyr.a(soc_nrf_common.S.obj)
                              (--whole-archive)
zephyr/libzephyr.a(validate_base_addresses.c.obj)
                              (--whole-archive)
zephyr/libzephyr.a(validate_enabled_instances.c.obj)
                              (--whole-archive)
zephyr/libzephyr.a(fcb_append.c.obj)
                              (--whole-archive)
zephyr/libzephyr.a(fcb.c.obj)
                              (--whole-archive)
zephyr/libzephyr.a(fcb_elem_info.c.obj)
                              (--whole-archive)
zephyr/libzephyr.a(fcb_getnext.c.obj)
                              (--whole-archive)
zephyr/libzephyr.a(fcb_rotate.c.obj)
                              (--whole-archive)
zephyr/libzephyr.a(fcb_walk.c.obj)
                              (--whole-archive)
zephyr/libzephyr.a(nvs.c.obj)
                              (--whole-archive)
zephyr/libzephyr.a(ipc_service.c.obj)
                              (--whole-archive)
zephyr/libzephyr.a(ipc_rpmsg_static_vrings.c.obj)
                              (--whole-archive)
zephyr/libzephyr.a(ipc_rpmsg.c.obj)
                              (--whole-archive)
zephyr/libzephyr.a(ipc_static_vrings.c.obj)
                              (--whole-archive)
zephyr/libzephyr.a(log_core.c.obj)
                              (--whole-archive)
zephyr/libzephyr.a(log_mgmt.c.obj)
                              (--whole-archive)
zephyr/libzephyr.a(log_cache.c.obj)
                              (--whole-archive)
zephyr/libzephyr.a(log_msg.c.obj)
                              (--whole-archive)
zephyr/libzephyr.a(log_output.c.obj)
                              (--whole-archive)
zephyr/libzephyr.a(log_backend_uart.c.obj)
                              (--whole-archive)
zephyr/libzephyr.a(flash_map.c.obj)
                              (--whole-archive)
zephyr/libzephyr.a(flash_map_layout.c.obj)
                              (--whole-archive)
zephyr/libzephyr.a(tracing_none.c.obj)
                              (--whole-archive)
zephyr/libzephyr.a(addr_utils.c.obj)
                              (--whole-archive)
zephyr/libzephyr.a(settings_store.c.obj)
                              (--whole-archive)
zephyr/libzephyr.a(settings.c.obj)
                              (--whole-archive)
zephyr/libzephyr.a(settings_init.c.obj)
                              (--whole-archive)
[...]
Memory Configuration

Name             Origin             Length             Attributes
FLASH            0x0000000000000000 0x00000000000f8000 xr
RAM              0x0000000020000000 0x0000000000070000 xw
IDT_LIST         0x00000000fffff7ff 0x0000000000000800 xw
*default*        0x0000000000000000 0xffffffffffffffff

Linker script and memory map

LOAD zephyr/CMakeFiles/zephyr_pre0.dir/misc/empty_file.c.obj
LOAD zephyr/CMakeFiles/offsets.dir/./arch/arm/core/offsets/offsets.c.obj
LOAD app/libapp.a
LOAD zephyr/libzephyr.a
LOAD zephyr/arch/common/libarch__common.a
LOAD zephyr/arch/arch/arm/core/aarch32/libarch__arm__core__aarch32.a
LOAD zephyr/arch/arch/arm/core/aarch32/cortex_m/libarch__arm__core__aarch32__cortex_m.a
LOAD zephyr/arch/arch/arm/core/aarch32/cortex_m/cmse/libarch__arm__core__aarch32__cortex_m__cmse.a
LOAD zephyr/arch/arch/arm/core/aarch32/mpu/libarch__arm__core__aarch32__mpu.a
LOAD zephyr/lib/libc/minimal/liblib__libc__minimal.a
LOAD zephyr/lib/libc/common/liblib__libc__common.a
LOAD zephyr/lib/posix/liblib__posix.a
LOAD zephyr/soc/soc/arm/common/cortex_m/libsoc__arm__common__cortex_m.a
LOAD zephyr/boards/arm/nrf5340dk_nrf5340/libboards__arm__nrf5340dk_nrf5340.a
LOAD zephyr/subsys/random/libsubsys__random.a
LOAD zephyr/subsys/bluetooth/common/libsubsys__bluetooth__common.a
LOAD zephyr/subsys/bluetooth/host/libsubsys__bluetooth__host.a
LOAD zephyr/subsys/bluetooth/crypto/libsubsys__bluetooth__crypto.a
LOAD zephyr/subsys/net/libsubsys__net.a
LOAD zephyr/subsys/net/ip/libsubsys__net__ip.a
LOAD zephyr/subsys/net/lib/dns/libsubsys__net__lib__dns.a
LOAD zephyr/drivers/adc/libdrivers__adc.a
LOAD zephyr/drivers/bluetooth/libdrivers__bluetooth.a
LOAD zephyr/drivers/clock_control/libdrivers__clock_control.a
LOAD zephyr/drivers/console/libdrivers__console.a
LOAD zephyr/drivers/entropy/libdrivers__entropy.a
LOAD zephyr/drivers/flash/libdrivers__flash.a
LOAD zephyr/drivers/gpio/libdrivers__gpio.a
LOAD zephyr/drivers/i2c/libdrivers__i2c.a
LOAD zephyr/drivers/mbox/libdrivers__mbox.a
LOAD zephyr/drivers/pinctrl/libdrivers__pinctrl.a
LOAD zephyr/drivers/pwm/libdrivers__pwm.a
LOAD zephyr/drivers/serial/libdrivers__serial.a
LOAD zephyr/drivers/spi/libdrivers__spi.a
LOAD zephyr/drivers/timer/libdrivers__timer.a
LOAD zephyr/drivers/watchdog/libdrivers__watchdog.a
LOAD modules/nrf/lib/fatal_error/lib..__nrf__lib__fatal_error.a
LOAD modules/nrf/drivers/hw_cc310/lib..__nrf__drivers__hw_cc310.a
LOAD modules/hal_nordic/nrfx/libmodules__hal_nordic__nrfx.a
LOAD modules/libmetal/libmetal/lib/libmetal.a
LOAD modules/open-amp/open-amp/lib/libopen_amp.a
LOAD zephyr/kernel/libkernel.a
LOAD /Users/freedomcoder/zephyr-sdk-0.16.5-1/arm-zephyr-eabi/bin/../lib/gcc/arm-zephyr-eabi/12.2.0/thumb/v8-m.main/nofp/libgcc.a
LOAD zephyr/arch/common/libisr_tables.a
LOAD /Users/freedomcoder/zephyr_sigwork_v2.5.1/nrfxlib/crypto/nrf_cc312_platform/lib/cortex-m33/soft-float/no-interrupts/libnrf_cc312_platform_0.9.18.a
                0x0000000000000020                _region_min_align = 0x20

.rel.plt        0x0000000000000000        0x0
 *(SORT_BY_ALIGNMENT(.rel.plt))
                [!provide]                        PROVIDE (__rel_iplt_start = .)
 *(SORT_BY_ALIGNMENT(.rel.iplt))
 .rel.iplt      0x0000000000000000        0x0 app/libapp.a(main.c.obj)
                [!provide]                        PROVIDE (__rel_iplt_end = .)

.rela.plt       0x0000000000000000        0x0
 *(SORT_BY_ALIGNMENT(.rela.plt))
                [!provide]                        PROVIDE (__rela_iplt_start = .)
 *(SORT_BY_ALIGNMENT(.rela.iplt))
                [!provide]                        PROVIDE (__rela_iplt_end = .)

.rel.dyn
 *(SORT_BY_ALIGNMENT(.rel.*))

.rela.dyn
 *(SORT_BY_ALIGNMENT(.rela.*))

/DISCARD/
 *(SORT_BY_ALIGNMENT(.plt))

/DISCARD/
 *(SORT_BY_ALIGNMENT(.iplt))
                0x0000000000000000                __rom_region_start = 0x0

rom_start       0x0000000000000000      0x154
                0x0000000000000000                __rom_start_address = .
                0x0000000000000000                . = (. + (0x0 - (. - __rom_start_address)))
                0x0000000000000000                . = ALIGN (0x4)
                0x0000000000000000                . = ALIGN (0x80)
                0x0000000000000000                . = ALIGN (0x200)
                0x0000000000000000                _vector_start = .
 *(SORT_BY_ALIGNMENT(.exc_vector_table))
 *(SORT_BY_ALIGNMENT(.exc_vector_table.*))
 .exc_vector_table._vector_table_section
                0x0000000000000000       0x40 zephyr/arch/arch/arm/core/aarch32/cortex_m/libarch__arm__core__aarch32__cortex_m.a(vector_table.S.obj)
                0x0000000000000000                _vector_table
 *(SORT_BY_ALIGNMENT(.vectors))
                0x0000000000000154                _vector_end = .
                0x0000000000000040                . = ALIGN (0x4)
 *(SORT_BY_ALIGNMENT(.gnu.linkonce.irq_vector_table*))
 .gnu.linkonce.irq_vector_table
                0x0000000000000040      0x114 zephyr/arch/common/libisr_tables.a(isr_tables.c.obj)
                0x0000000000000040                _irq_vector_table
                0x0000000000000154                _vector_end = .

text            0x0000000000000158    0x3c09c
                0x0000000000000158                __text_region_start = .
 *(SORT_BY_ALIGNMENT(.text))
 .text          0x0000000000000158      0x3bc zephyr/libzephyr.a(timeutil.c.obj)
                0x0000000000000158                timeutil_timegm64
                0x0000000000000240                timeutil_timegm
                0x0000000000000258                timeutil_sync_state_update
                0x00000000000002b4                timeutil_sync_state_set_skew
                0x00000000000002ee                timeutil_sync_estimate_skew
                0x0000000000000384                timeutil_sync_ref_from_local
                0x0000000000000432                timeutil_sync_local_from_ref
                0x00000000000004da                timeutil_sync_skew_to_ppb
 *fill*         0x0000000000000514        0x4 
 .text          0x0000000000000518      0x2fc zephyr/lib/posix/liblib__posix.a(clock.c.obj)
                0x0000000000000518                z_impl_clock_gettime
                0x00000000000005a8                clock_settime
                0x0000000000000640                clock_nanosleep
                0x00000000000007f0                gettimeofday
 *fill*         0x0000000000000814        0x4 
 .text          0x0000000000000818     0x27c4 zephyr/subsys/bluetooth/host/libsubsys__bluetooth__host.a(hci_core.c.obj)
                0x0000000000001274                bt_hci_cmd_state_set_init
                0x0000000000001298                bt_hci_cmd_create
                0x0000000000001310                bt_hci_cmd_send_sync
                0x0000000000001474                bt_hci_le_rand
                0x00000000000014cc                bt_get_phy
                0x00000000000014e4                bt_le_create_conn_ext
                0x0000000000001624                bt_le_create_conn_synced
                0x0000000000001708                bt_le_create_conn
                0x00000000000017cc                bt_le_create_conn_cancel
                0x0000000000001800                bt_hci_disconnect
                0x0000000000001836                bt_le_set_data_len
                0x0000000000001872                bt_le_set_phy
                0x00000000000018c2                bt_hci_le_enh_conn_complete
                0x0000000000001cc4                bt_le_conn_params_valid
                0x0000000000001d06                bt_unpair
                0x0000000000001d50                bt_security_err_get
                0x0000000000001ed4                bt_hci_get_conn_handle
                0x0000000000001ee6                bt_send
                0x0000000000001ef4                bt_hci_cmd_send
                0x0000000000001f64                bt_hci_host_num_completed_packets
                0x0000000000002404                hci_event_prio
                0x00000000000024a8                bt_recv
                0x0000000000002514                bt_recv_prio
                0x0000000000002550                bt_hci_driver_register
                0x0000000000002578                bt_finalize_init
                0x0000000000002c98                bt_enable
                0x0000000000002dc0                bt_disable
                0x0000000000002ebc                bt_is_ready
                0x0000000000002ecc                bt_set_name
                0x0000000000002ed2                bt_get_name
                0x0000000000002edc                bt_get_appearance
                0x0000000000002ee0                bt_addr_le_is_bonded
                0x0000000000002ef2                bt_le_set_chan_map
                0x0000000000002f74                bt_configure_data_path
 .text          0x0000000000002fdc      0x29c app/libapp.a(main.c.obj)
                0x000000000000308c                main
 .text          0x0000000000003278       0x48 zephyr/libzephyr.a(crc32c_sw.c.obj)
                0x0000000000003278                crc32_c
 .text          0x00000000000032c0       0x48 zephyr/libzephyr.a(crc32_sw.c.obj)
                0x00000000000032c0                crc32_ieee_update
                0x00000000000032fc                crc32_ieee
 .text          0x0000000000003308       0x80 zephyr/libzephyr.a(crc8_sw.c.obj)
                0x0000000000003308                crc8_ccitt
                0x0000000000003334                crc8
 .text          0x0000000000003388      0x238 zephyr/libzephyr.a(base64.c.obj)
                0x0000000000003388                base64_encode
                0x0000000000003484                base64_decode
 .text          0x00000000000035c0      0x80c zephyr/libzephyr.a(cbprintf_packaged.c.obj)
                0x00000000000035e8                cbvprintf_package
                0x000000000000398a                cbprintf_package
                0x00000000000039a8                cbpprintf_external
                0x0000000000003a0a                is_ptr
                0x0000000000003a54                cbprintf_package_convert
 .text          0x0000000000003dcc      0x418 zephyr/libzephyr.a(fdtable.c.obj)
                0x0000000000003e78                z_get_fd_obj
                0x0000000000003eb0                z_get_obj_lock_and_cond
                0x0000000000003f10                z_get_fd_obj_and_vtable
                0x0000000000003f44                z_reserve_fd
                0x0000000000003fbc                z_finalize_fd
                0x0000000000003fe8                z_free_fd
                0x0000000000003fea                z_alloc_fd
                0x0000000000004004                _read
                0x0000000000004004                read
                0x0000000000004058                write
                0x0000000000004058                _write
                0x00000000000040ac                _close
                0x00000000000040ac                close
                0x00000000000040f8                fsync
                0x0000000000004128                _lseek
                0x0000000000004128                lseek
                0x0000000000004160                ioctl
                0x000000000000419c                fcntl
 .text          0x00000000000041e4       0xc0 zephyr/libzephyr.a(printk.c.obj)
                0x00000000000041e4                arch_printk_char_out
                0x000000000000420e                __printk_hook_install
                0x0000000000004218                __printk_get_hook
                0x0000000000004224                vprintk
                0x0000000000004228                z_impl_k_str_out
                0x0000000000004244                printk
                0x000000000000425e                vsnprintk
                0x0000000000004288                snprintk
 .text          0x00000000000042a4      0x608 zephyr/libzephyr.a(heap-validate.c.obj)
                0x0000000000004460                sys_heap_validate
                0x00000000000045d2                sys_heap_stress
                0x00000000000046da                heap_print_info
                0x00000000000048a4                sys_heap_print_info
 .text          0x00000000000048ac      0x578 zephyr/libzephyr.a(onoff.c.obj)
                0x0000000000004b9e                onoff_manager_init
                0x0000000000004bc4                onoff_request
                0x0000000000004c74                onoff_release
                0x0000000000004cbe                onoff_reset
                0x0000000000004d22                onoff_cancel
                0x0000000000004d5a                onoff_monitor_register
                0x0000000000004d96                onoff_monitor_unregister
                0x0000000000004dcc                onoff_sync_lock
                0x0000000000004de2                onoff_sync_finalize
 .text          0x0000000000004e24      0x81c zephyr/libzephyr.a(cbprintf_complete.c.obj)
                0x0000000000004ede                z_cbvprintf_impl
 .text          0x0000000000005640      0xc1c zephyr/libzephyr.a(json.c.obj)
                0x0000000000005e1e                json_obj_parse
                0x0000000000005e68                json_arr_parse
                0x0000000000005eb4                json_arr_separate_object_parse_init
                0x0000000000005eec                json_arr_separate_parse_object
                0x0000000000005f3c                json_calc_escaped_len
                0x0000000000005f5a                json_escape
                0x0000000000005fb8                json_obj_encode
                0x00000000000061c8                json_arr_encode
                0x00000000000061de                json_obj_encode_buf
                0x0000000000006200                json_arr_encode_buf
                0x000000000000621c                json_calc_encoded_len
                0x000000000000623c                json_calc_encoded_arr_len
 .text          0x000000000000625c       0x30 zephyr/libzephyr.a(reboot.c.obj)
                0x000000000000625c                sys_reboot
 .text          0x000000000000628c       0x10 zephyr/libzephyr.a(resource_table.c.obj)
                0x000000000000628c                rsc_table_get
 .text          0x000000000000629c      0x178 zephyr/libzephyr.a(soc.c.obj)
                0x0000000000006394                z_arm_on_enter_cpu_idle
                0x00000000000063f0                arch_busy_wait
 .text          0x0000000000006414      0x1c4 zephyr/libzephyr.a(sync_rtc.c.obj)
                0x00000000000065d0                z_nrf_rtc_timer_nrf53net_offset_get
 .text          0x00000000000065d8      0xcc8 zephyr/libzephyr.a(nvs.c.obj)
                0x0000000000006aea                nvs_clear
                0x0000000000006b40                nvs_mount
                0x0000000000006f24                nvs_write
                0x00000000000070e8                nvs_delete
                0x00000000000070f0                nvs_read_hist
                0x00000000000071d4                nvs_read
                0x00000000000071e2                nvs_calc_free_space
 .text          0x00000000000072a0      0x688 zephyr/libzephyr.a(ipc_service.c.obj)
                0x00000000000072c2                ipc_service_open_instance
                0x000000000000732c                ipc_service_close_instance
                0x0000000000007394                ipc_service_register_endpoint
                0x0000000000007408                ipc_service_deregister_endpoint
                0x000000000000749c                ipc_service_send
                0x0000000000007534                ipc_service_get_tx_buffer_size
                0x00000000000075d0                ipc_service_get_tx_buffer
                0x0000000000007688                ipc_service_drop_tx_buffer
                0x0000000000007728                ipc_service_send_nocopy
                0x00000000000077d8                ipc_service_hold_rx_buffer
                0x0000000000007880                ipc_service_release_rx_buffer
 .text          0x0000000000007928      0x6c0 zephyr/libzephyr.a(ipc_rpmsg_static_vrings.c.obj)
 .text          0x0000000000007fe8      0x144 zephyr/libzephyr.a(ipc_rpmsg.c.obj)
                0x0000000000008058                ipc_rpmsg_register_ept
                0x0000000000008094                ipc_rpmsg_init
                0x0000000000008104                ipc_rpmsg_deinit
 .text          0x000000000000812c      0x1b4 zephyr/libzephyr.a(ipc_static_vrings.c.obj)
                0x000000000000817e                ipc_static_vrings_init
                0x0000000000008280                ipc_static_vrings_deinit
 .text          0x00000000000082e0      0x3b8 zephyr/libzephyr.a(log_core.c.obj)
                0x00000000000083fe                log_format_func_t_get
                0x000000000000840c                log_format_table_size
                0x0000000000008410                z_log_timestamp
                0x000000000000841c                log_format_set_all_active_backends
                0x0000000000008468                z_log_vprintk
                0x0000000000008484                log_init
                0x000000000000848a                log_thread_set
                0x000000000000848c                log_set_timestamp_func
                0x00000000000084ac                log_core_init
                0x00000000000084c8                z_impl_log_panic
                0x0000000000008504                unordered_notify
                0x0000000000008548                z_log_notify_backend_enabled
                0x000000000000854a                z_impl_log_process
                0x000000000000854e                z_impl_log_buffered_cnt
                0x0000000000008558                z_log_dropped
                0x0000000000008580                z_log_dropped_read_and_clear
                0x0000000000008598                dropped_notify
                0x00000000000085c8                z_log_dropped_pending
                0x00000000000085dc                z_log_msg_init
                0x00000000000085de                z_log_msg_alloc
                0x00000000000085e2                z_log_msg_commit
                0x0000000000008618                z_log_msg_local_claim
                0x000000000000861c                z_log_msg_claim_oldest
                0x000000000000866c                z_log_msg_claim
                0x0000000000008670                z_log_msg_free
                0x0000000000008672                z_log_msg_pending
                0x0000000000008676                z_log_msg_enqueue
                0x0000000000008680                z_log_get_tag
                0x0000000000008684                log_set_tag
                0x000000000000868a                log_mem_get_usage
                0x0000000000008690                log_mem_get_max_usage
 .text          0x0000000000008698      0x244 zephyr/libzephyr.a(log_mgmt.c.obj)
                0x00000000000086ae                z_log_link_get_dynamic_filter
                0x00000000000086ec                z_log_ext_domain_count
                0x000000000000870c                log_src_cnt_get
                0x0000000000008720                log_source_name_get
                0x000000000000873c                log_domain_name_get
                0x0000000000008744                log_compiled_level_get
                0x0000000000008764                z_log_link_set_runtime_level
                0x00000000000087a4                z_log_runtime_filters_init
                0x00000000000087e0                log_source_id_get
                0x0000000000008818                z_impl_log_filter_set
                0x000000000000881c                log_backend_get_by_name
                0x0000000000008848                log_backend_enable
                0x0000000000008870                log_backend_disable
                0x0000000000008878                log_filter_get
                0x0000000000008898                z_log_links_initiate
 .text          0x00000000000088dc      0x204 zephyr/libzephyr.a(log_msg.c.obj)
                0x0000000000008908                z_log_msg_finalize
                0x000000000000893a                z_impl_z_log_msg_runtime_vcreate
                0x00000000000089f0                z_impl_z_log_msg_static_create
 .text          0x0000000000008ae0      0x468 zephyr/libzephyr.a(log_output.c.obj)
                0x0000000000008b7c                log_output_flush
                0x0000000000008b96                log_output_process
                0x0000000000008e34                log_output_msg_process
                0x0000000000008ea4                log_output_dropped_process
                0x0000000000008efc                log_output_timestamp_freq_set
                0x0000000000008f24                log_output_timestamp_to_us
 .text          0x0000000000008f48       0x6c zephyr/libzephyr.a(log_backend_uart.c.obj)
 .text          0x0000000000008fb4      0x134 zephyr/libzephyr.a(flash_map.c.obj)
                0x0000000000008fb4                flash_area_foreach
                0x0000000000008fe4                flash_area_open
                0x0000000000009034                flash_area_close
                0x0000000000009036                flash_area_read
                0x0000000000009060                flash_area_write
                0x000000000000908a                flash_area_erase
                0x00000000000090b2                flash_area_align
                0x00000000000090c0                flash_area_has_driver
                0x00000000000090d4                flash_area_get_device
                0x00000000000090d8                flash_area_erased_val
 .text          0x00000000000090e8       0xa4 zephyr/libzephyr.a(flash_map_layout.c.obj)
                0x000000000000912c                flash_area_get_sectors
 .text          0x000000000000918c      0x1c0 zephyr/libzephyr.a(settings_store.c.obj)
                0x000000000000918c                settings_save_one
                0x00000000000091d8                settings_src_register
                0x00000000000091f4                settings_dst_register
                0x0000000000009200                settings_load_subtree
                0x000000000000924c                settings_load
                0x0000000000009252                settings_load_subtree_direct
                0x0000000000009290                settings_delete
                0x0000000000009298                settings_save
                0x0000000000009318                settings_storage_get
                0x000000000000933c                settings_store_init
 .text          0x000000000000934c      0x2d0 zephyr/libzephyr.a(settings.c.obj)
                0x0000000000009374                settings_init
                0x0000000000009384                settings_register
                0x0000000000009404                settings_name_steq
                0x000000000000944c                settings_name_next
                0x0000000000009470                settings_parse_and_lookup
                0x0000000000009508                settings_call_set_handler
                0x00000000000095a4                settings_commit_subtree
                0x0000000000009614                settings_commit
 .text          0x000000000000961c       0x3c zephyr/libzephyr.a(settings_init.c.obj)
                0x000000000000961c                settings_subsys_init
 .text          0x0000000000009658      0x32c zephyr/libzephyr.a(settings_line.c.obj)
                0x0000000000009710                settings_line_write
                0x00000000000097d8                settings_line_len_calc
                0x00000000000097e6                settings_line_raw_read
                0x0000000000009816                settings_line_val_read
                0x000000000000982c                settings_line_val_get_len
                0x0000000000009840                settings_line_name_read
                0x0000000000009860                settings_line_entry_copy
                0x00000000000098cc                settings_line_io_init
                0x00000000000098e0                settings_line_dup_check_cb
                0x000000000000995a                settings_line_load_cb
 .text          0x0000000000009984      0x448 zephyr/libzephyr.a(settings_fcb.c.obj)
                0x0000000000009cc0                settings_fcb_get_flash_area
                0x0000000000009cc4                settings_fcb_src
                0x0000000000009d18                settings_fcb_dst
                0x0000000000009d2c                settings_mount_fcb_backend
                0x0000000000009d48                settings_backend_init
 .text          0x0000000000009dcc      0x41c zephyr/libzephyr.a(aes_decrypt.c.obj)
                0x000000000000a134                tc_aes128_set_decrypt_key
                0x000000000000a138                tc_aes_decrypt
 .text          0x000000000000a1e8      0x2ec zephyr/libzephyr.a(aes_encrypt.c.obj)
                0x000000000000a380                tc_aes128_set_encrypt_key
                0x000000000000a428                tc_aes_encrypt
 .text          0x000000000000a4d4      0x334 zephyr/libzephyr.a(sha256.c.obj)
                0x000000000000a6a8                tc_sha256_init
                0x000000000000a700                tc_sha256_update
                0x000000000000a74c                tc_sha256_final
 .text          0x000000000000a808       0x14 zephyr/libzephyr.a(nrf_cc3xx_platform_abort_zephyr.c.obj)
                0x000000000000a810                nrf_cc3xx_platform_abort_init
 .text          0x000000000000a81c      0x1ec zephyr/libzephyr.a(nrf_cc3xx_platform_mutex_zephyr.c.obj)
                0x000000000000a9e0                nrf_cc3xx_platform_mutex_init
 .text          0x000000000000aa08       0xf8 zephyr/arch/arch/arm/core/aarch32/libarch__arm__core__aarch32.a(fatal.c.obj)
                0x000000000000aa2a                z_arm_fatal_error
                0x000000000000aadc                z_do_kernel_oops
                0x000000000000aae4                arch_syscall_oops
 .text          0x000000000000ab00       0x94 zephyr/arch/arch/arm/core/aarch32/libarch__arm__core__aarch32.a(irq_manage.c.obj)
                0x000000000000ab00                arch_irq_enable
                0x000000000000ab1c                arch_irq_disable
                0x000000000000ab44                arch_irq_is_enabled
                0x000000000000ab60                z_arm_irq_priority_set
                0x000000000000ab8c                z_irq_spurious
 .text          0x000000000000ab94       0x20 zephyr/arch/arch/arm/core/aarch32/libarch__arm__core__aarch32.a(nmi.c.obj)
                0x000000000000ab94                z_arm_nmi_set_handler
                0x000000000000aba0                z_arm_nmi
 .text          0x000000000000abb4       0x38 zephyr/arch/arch/arm/core/aarch32/libarch__arm__core__aarch32.a(prep_c.c.obj)
                0x000000000000abb4                z_arm_prep_c
 .text          0x000000000000abec       0x38 zephyr/arch/arch/arm/core/aarch32/libarch__arm__core__aarch32.a(swap.c.obj)
                0x000000000000abec                arch_swap
 .text          0x000000000000ac24       0x6c zephyr/arch/arch/arm/core/aarch32/libarch__arm__core__aarch32.a(thread.c.obj)
                0x000000000000ac24                arch_new_thread
                0x000000000000ac5c                configure_builtin_stack_guard
                0x000000000000ac66                arch_switch_to_main_thread
 .text          0x000000000000ac90      0x688 zephyr/arch/arch/arm/core/aarch32/cortex_m/libarch__arm__core__aarch32__cortex_m.a(fault.c.obj)
                0x000000000000b0bc                z_arm_fault
                0x000000000000b300                z_arm_fault_init
 .text          0x000000000000b318       0x18 zephyr/arch/arch/arm/core/aarch32/cortex_m/libarch__arm__core__aarch32__cortex_m.a(irq_init.c.obj)
                0x000000000000b318                z_arm_interrupt_init
 .text          0x000000000000b330       0x94 zephyr/arch/arch/arm/core/aarch32/cortex_m/libarch__arm__core__aarch32__cortex_m.a(scb.c.obj)
                0x000000000000b330                sys_arch_reboot
                0x000000000000b354                z_arm_clear_arm_mpu_config
                0x000000000000b378                z_arm_init_arch_hw_at_boot
 .text          0x000000000000b3c4       0x2c zephyr/arch/arch/arm/core/aarch32/cortex_m/libarch__arm__core__aarch32__cortex_m.a(thread_abort.c.obj)
                0x000000000000b3c4                z_impl_k_thread_abort
 .text          0x000000000000b3f0       0x44 zephyr/arch/arch/arm/core/aarch32/mpu/libarch__arm__core__aarch32__mpu.a(arm_core_mpu.c.obj)
                0x000000000000b3f0                z_arm_configure_static_mpu_regions
                0x000000000000b428                z_arm_configure_dynamic_mpu_regions
 .text          0x000000000000b434      0x3cc zephyr/arch/arch/arm/core/aarch32/mpu/libarch__arm__core__aarch32__mpu.a(arm_mpu.c.obj)
                0x000000000000b67c                arm_core_mpu_enable
                0x000000000000b694                arm_core_mpu_disable
                0x000000000000b6a8                arm_core_mpu_configure_static_mpu_regions
                0x000000000000b6bc                arm_core_mpu_mark_areas_for_dynamic_regions
                0x000000000000b774                arm_core_mpu_configure_dynamic_mpu_regions
                0x000000000000b7b4                z_arm_mpu_init
 .text          0x000000000000b800       0x10 zephyr/lib/libc/minimal/liblib__libc__minimal.a(exit.c.obj)
                0x000000000000b800                _exit
 .text          0x000000000000b810       0x2c zephyr/lib/libc/minimal/liblib__libc__minimal.a(strerror.c.obj)
                0x000000000000b810                strerror
                0x000000000000b818                strerror_r
 .text          0x000000000000b83c       0xc8 zephyr/lib/libc/minimal/liblib__libc__minimal.a(stdout_console.c.obj)
                0x000000000000b842                __stdout_hook_install
                0x000000000000b84c                z_impl_zephyr_fputc
                0x000000000000b864                fputc
                0x000000000000b868                putc
                0x000000000000b86c                putchar
                0x000000000000b872                z_impl_zephyr_fwrite
                0x000000000000b8bc                fputs
                0x000000000000b8de                fwrite
                0x000000000000b8e2                puts
 .text          0x000000000000b904       0xd4 zephyr/lib/libc/minimal/liblib__libc__minimal.a(sprintf.c.obj)
                0x000000000000b91e                snprintf
                0x000000000000b954                sprintf
                0x000000000000b988                vsnprintf
                0x000000000000b9b0                vsprintf
 .text          0x000000000000b9d8       0x88 zephyr/lib/libc/minimal/liblib__libc__minimal.a(fprintf.c.obj)
                0x000000000000b9d8                fprintf
                0x000000000000ba00                vfprintf
                0x000000000000ba1c                printf
                0x000000000000ba44                vprintf
 .text          0x000000000000ba60       0xcc zephyr/lib/libc/minimal/liblib__libc__minimal.a(sqrt.c.obj)
                0x000000000000ba60                sqrt
 .text          0x000000000000bb2c      0x1d8 zephyr/lib/libc/minimal/liblib__libc__minimal.a(gmtime.c.obj)
                0x000000000000bb2c                gmtime_r
                0x000000000000bcf8                gmtime
 .text          0x000000000000bd04       0x18 zephyr/lib/libc/common/liblib__libc__common.a(abort.c.obj)
                0x000000000000bd04                abort
 .text          0x000000000000bd1c       0xb0 zephyr/lib/libc/common/liblib__libc__common.a(malloc.c.obj)
                0x000000000000bd44                malloc
                0x000000000000bd7c                free
                0x000000000000bd7e                realloc
                0x000000000000bd84                calloc
                0x000000000000bdb0                reallocarray
 .text          0x000000000000bdcc      0x4bc zephyr/lib/posix/liblib__posix.a(eventfd.c.obj)
                0x000000000000c180                eventfd
                0x000000000000c22c                eventfd_read
                0x000000000000c258                eventfd_write
 .text          0x000000000000c288       0x38 zephyr/lib/posix/liblib__posix.a(perror.c.obj)
                0x000000000000c288                perror
 .text          0x000000000000c2c0       0x5c zephyr/lib/posix/liblib__posix.a(sleep.c.obj)
                0x000000000000c2c0                sleep
                0x000000000000c2ec                usleep
 .text          0x000000000000c31c      0x244 zephyr/lib/posix/liblib__posix.a(timer.c.obj)
                0x000000000000c328                timer_create
                0x000000000000c3ac                timer_gettime
                0x000000000000c410                timer_settime
                0x000000000000c50c                timer_getoverrun
                0x000000000000c52c                timer_delete
 .text          0x000000000000c560      0x4a4 zephyr/lib/posix/liblib__posix.a(mqueue.c.obj)
                0x000000000000c6b8                mq_open
                0x000000000000c854                mq_close
                0x000000000000c88e                mq_unlink
                0x000000000000c8d2                mq_send
                0x000000000000c8e8                mq_timedsend
                0x000000000000c924                mq_receive
                0x000000000000c93a                mq_timedreceive
                0x000000000000c976                mq_getattr
                0x000000000000c9be                mq_setattr
 .text          0x000000000000ca04       0xec zephyr/lib/posix/liblib__posix.a(signal.c.obj)
                0x000000000000ca04                sigemptyset
                0x000000000000ca0e                sigfillset
                0x000000000000ca1a                sigaddset
                0x000000000000ca48                sigdelset
                0x000000000000ca78                sigismember
                0x000000000000caa0                strsignal
 .text          0x000000000000caf0       0x14 zephyr/lib/posix/liblib__posix.a(uname.c.obj)
                0x000000000000caf0                uname
 .text          0x000000000000cb04       0x6c zephyr/lib/posix/liblib__posix.a(_common.c.obj)
                0x000000000000cb04                timespec_to_timeoutms
 .text          0x000000000000cb70      0x17c zephyr/lib/posix/liblib__posix.a(barrier.c.obj)
                0x000000000000cb98                get_posix_barrier
                0x000000000000cbd0                pthread_barrier_wait
                0x000000000000cc2a                pthread_barrier_init
                0x000000000000cc6c                pthread_barrier_destroy
                0x000000000000ccc8                pthread_barrierattr_init
                0x000000000000ccd0                pthread_barrierattr_setpshared
                0x000000000000ccde                pthread_barrierattr_getpshared
                0x000000000000cce6                pthread_barrierattr_destroy
 .text          0x000000000000ccec      0x1d4 zephyr/lib/posix/liblib__posix.a(cond.c.obj)
                0x000000000000cdb4                pthread_cond_signal
                0x000000000000cdde                pthread_cond_broadcast
                0x000000000000cdfc                pthread_cond_wait
                0x000000000000ce06                pthread_cond_timedwait
                0x000000000000ce52                pthread_cond_init
                0x000000000000ce68                pthread_cond_destroy
                0x000000000000ce98                pthread_condattr_init
                0x000000000000cea0                pthread_condattr_destroy
                0x000000000000cea4                pthread_condattr_getclock
                0x000000000000ceac                pthread_condattr_setclock
 .text          0x000000000000cec0      0x1d0 zephyr/lib/posix/liblib__posix.a(key.c.obj)
                0x000000000000cef8                pthread_key_create
                0x000000000000cf44                pthread_key_delete
                0x000000000000cfb0                pthread_setspecific
                0x000000000000d042                pthread_getspecific
 .text          0x000000000000d090      0x250 zephyr/lib/posix/liblib__posix.a(mutex.c.obj)
                0x000000000000d124                to_posix_mutex
                0x000000000000d204                pthread_mutex_trylock
                0x000000000000d20a                pthread_mutex_timedlock
                0x000000000000d23c                pthread_mutex_init
                0x000000000000d274                pthread_mutex_lock
                0x000000000000d27e                pthread_mutex_unlock
                0x000000000000d29c                pthread_mutex_destroy
                0x000000000000d2c4                pthread_mutexattr_getprotocol
                0x000000000000d2ca                pthread_mutexattr_gettype
                0x000000000000d2d2                pthread_mutexattr_settype
 .text          0x000000000000d2e0      0x70c zephyr/lib/posix/liblib__posix.a(pthread.c.obj)
                0x000000000000d46e                to_posix_thread
                0x000000000000d4bc                pthread_self
                0x000000000000d4d4                pthread_attr_setschedparam
                0x000000000000d502                pthread_attr_setstack
                0x000000000000d510                pthread_create
                0x000000000000d670                pthread_setcancelstate
                0x000000000000d6d0                pthread_cancel
                0x000000000000d70e                pthread_setschedparam
                0x000000000000d754                pthread_attr_init
                0x000000000000d76c                pthread_getschedparam
                0x000000000000d796                pthread_once
                0x000000000000d7c8                pthread_exit
                0x000000000000d814                pthread_join
                0x000000000000d8a4                pthread_detach
                0x000000000000d8e4                pthread_attr_getdetachstate
                0x000000000000d8f6                pthread_attr_setdetachstate
                0x000000000000d90a                pthread_attr_getschedpolicy
                0x000000000000d91c                pthread_attr_setschedpolicy
                0x000000000000d930                pthread_attr_getstacksize
                0x000000000000d942                pthread_attr_setstacksize
                0x000000000000d952                pthread_attr_getstack
                0x000000000000d968                pthread_attr_getschedparam
                0x000000000000d97a                pthread_attr_destroy
                0x000000000000d98c                pthread_setname_np
                0x000000000000d9ac                pthread_getname_np
                0x000000000000d9e4                pthread_equal
 .text          0x000000000000d9ec      0x258 zephyr/lib/posix/liblib__posix.a(rwlock.c.obj)
                0x000000000000db2a                pthread_rwlock_init
                0x000000000000db58                pthread_rwlock_destroy
                0x000000000000db72                pthread_rwlock_rdlock
                0x000000000000db80                pthread_rwlock_timedrdlock
                0x000000000000dbb0                pthread_rwlock_tryrdlock
                0x000000000000dbbc                pthread_rwlock_wrlock
                0x000000000000dbca                pthread_rwlock_timedwrlock
                0x000000000000dbf8                pthread_rwlock_trywrlock
                0x000000000000dc04                pthread_rwlock_unlock
 .text          0x000000000000dc44      0x14c zephyr/lib/posix/liblib__posix.a(semaphore.c.obj)
                0x000000000000dc48                sem_destroy
                0x000000000000dc6e                sem_getvalue
                0x000000000000dc88                sem_init
                0x000000000000dcac                sem_post
                0x000000000000dcc6                sem_timedwait
                0x000000000000dd5c                sem_trywait
                0x000000000000dd7c                sem_wait
 .text          0x000000000000dd90      0x118 zephyr/lib/posix/liblib__posix.a(spinlock.c.obj)
                0x000000000000ddc8                pthread_spin_init
                0x000000000000ddfc                pthread_spin_destroy
                0x000000000000de20                pthread_spin_lock
                0x000000000000de50                pthread_spin_trylock
                0x000000000000de80                pthread_spin_unlock
 .text          0x000000000000dea8       0x68 zephyr/boards/arm/nrf5340dk_nrf5340/libboards__arm__nrf5340dk_nrf5340.a(nrf5340_cpunet_reset.c.obj)
 .text          0x000000000000df10       0xfc zephyr/subsys/random/libsubsys__random.a(rand32_xoshiro128.c.obj)
                0x000000000000dfb4                z_impl_sys_rand32_get
                0x000000000000dfcc                z_impl_sys_rand_get
 .text          0x000000000000e00c       0x20 zephyr/subsys/random/libsubsys__random.a(rand32_entropy_device.c.obj)
                0x000000000000e00c                z_impl_sys_csrand_get
 .text          0x000000000000e02c      0x108 zephyr/subsys/bluetooth/common/libsubsys__bluetooth__common.a(bt_str.c.obj)
                0x000000000000e02c                bt_hex
                0x000000000000e070                bt_addr_str
                0x000000000000e0a4                bt_addr_le_str
                0x000000000000e120                bt_uuid_str
 .text          0x000000000000e134       0x5c zephyr/subsys/bluetooth/host/libsubsys__bluetooth__host.a(long_wq.c.obj)
                0x000000000000e16c                bt_long_wq_schedule
                0x000000000000e178                bt_long_wq_reschedule
                0x000000000000e184                bt_long_wq_submit
 .text          0x000000000000e190      0x1bc zephyr/subsys/bluetooth/host/libsubsys__bluetooth__host.a(uuid.c.obj)
                0x000000000000e1fc                bt_uuid_cmp
                0x000000000000e258                bt_uuid_create
                0x000000000000e28e                bt_uuid_to_str
 .text          0x000000000000e34c      0x13c zephyr/subsys/bluetooth/host/libsubsys__bluetooth__host.a(addr.c.obj)
                0x000000000000e34c                bt_addr_le_create_nrpa
                0x000000000000e368                bt_addr_le_create_static
                0x000000000000e384                bt_addr_from_str
                0x000000000000e3c8                bt_addr_le_from_str
                0x000000000000e46c                bt_addr_le_copy_resolved
                0x000000000000e480                bt_addr_le_is_resolved
 .text          0x000000000000e488       0xbc zephyr/subsys/bluetooth/host/libsubsys__bluetooth__host.a(buf.c.obj)
                0x000000000000e488                bt_buf_get_rx
                0x000000000000e4b4                bt_buf_get_cmd_complete
                0x000000000000e4ec                bt_buf_get_evt
 .text          0x000000000000e544       0xe0 zephyr/subsys/bluetooth/host/libsubsys__bluetooth__host.a(data.c.obj)
                0x000000000000e56c                bt_data_parse
                0x000000000000e5e4                bt_data_get_len
                0x000000000000e600                bt_data_serialize
 .text          0x000000000000e624      0xe0c zephyr/subsys/bluetooth/host/libsubsys__bluetooth__host.a(id.c.obj)
                0x000000000000e80e                find_rl_conflict
                0x000000000000e8c6                bt_lookup_id_addr
                0x000000000000e8de                bt_id_set_adv_random_addr
                0x000000000000e8ec                bt_id_set_private_addr
                0x000000000000e918                bt_id_set_adv_private_addr
                0x000000000000e946                bt_id_scan_random_addr_check
                0x000000000000e958                bt_id_adv_random_addr_check
                0x000000000000e978                bt_id_adv_limited_stopped
                0x000000000000e98c                bt_id_pending_keys_update
                0x000000000000e9b8                bt_id_find_conflict
                0x000000000000e9d8                bt_id_add
                0x000000000000ebc0                bt_id_del
                0x000000000000ed58                bt_id_get
                0x000000000000ed7c                bt_id_create
                0x000000000000ee30                bt_id_reset
                0x000000000000eefc                bt_id_delete
                0x000000000000ef74                bt_id_read_public_addr
                0x000000000000f018                bt_setup_public_id_addr
                0x000000000000f038                bt_read_static_addr
                0x000000000000f0f8                bt_setup_random_id_addr
                0x000000000000f154                bt_id_set_create_conn_own_addr
                0x000000000000f180                bt_id_set_scan_own_addr
                0x000000000000f1ec                bt_id_set_adv_own_addr
                0x000000000000f314                bt_le_oob_get_local
                0x000000000000f360                bt_le_oob_set_legacy_tk
                0x000000000000f36e                bt_le_oob_set_sc_data
                0x000000000000f398                bt_le_oob_get_sc_data
                0x000000000000f3c4                bt_id_init
 .text          0x000000000000f430      0xc90 zephyr/subsys/bluetooth/host/libsubsys__bluetooth__host.a(adv.c.obj)
                0x000000000000f774                get_adv_name_type
                0x000000000000f794                get_adv_name_type_param
                0x000000000000f7b4                bt_le_ext_adv_foreach
                0x000000000000f7c0                bt_adv_reset_adv_pool
                0x000000000000f7d0                bt_le_adv_delete_legacy
                0x000000000000f7d2                bt_le_adv_lookup_legacy
                0x000000000000f7dc                bt_le_adv_set_enable_legacy
                0x000000000000f826                bt_le_adv_set_enable_ext
                0x000000000000f8aa                bt_le_adv_set_enable
                0x000000000000f8ae                bt_le_adv_update_data
                0x000000000000f8f8                bt_le_adv_start_legacy
                0x000000000000fb70                bt_le_adv_start_ext
                0x000000000000fe90                bt_le_lim_adv_cancel_timeout
                0x000000000000fe96                bt_le_adv_start
                0x000000000000fefc                bt_le_adv_stop
                0x000000000000ffcc                bt_le_adv_resume
 .text          0x00000000000100c0      0x544 zephyr/subsys/bluetooth/host/libsubsys__bluetooth__host.a(scan.c.obj)
                0x0000000000010204                bt_scan_reset
                0x0000000000010210                bt_le_scan_set_enable
                0x0000000000010212                bt_le_scan_update
                0x0000000000010288                bt_hci_le_adv_report
                0x0000000000010494                bt_le_scan_start
                0x000000000001057c                bt_le_scan_stop
                0x00000000000105a8                bt_le_scan_cb_register
                0x00000000000105c8                bt_le_scan_cb_unregister
 .text          0x0000000000010604      0x1c8 zephyr/subsys/bluetooth/host/libsubsys__bluetooth__host.a(crypto.c.obj)
                0x0000000000010694                prng_init
                0x00000000000106ec                bt_rand
                0x0000000000010728                bt_encrypt_le
                0x0000000000010796                bt_encrypt_be
 .text          0x00000000000107cc      0x2e4 zephyr/subsys/bluetooth/host/libsubsys__bluetooth__host.a(ecc.c.obj)
                0x00000000000107ec                bt_pub_key_is_debug
                0x0000000000010804                bt_pub_key_gen
                0x0000000000010928                bt_pub_key_hci_disrupted
                0x0000000000010964                bt_pub_key_get
                0x0000000000010980                bt_dh_key_gen
                0x0000000000010a28                bt_hci_evt_le_pkey_complete
                0x0000000000010a94                bt_hci_evt_le_dhkey_complete
 .text          0x0000000000010ab0     0x1854 zephyr/subsys/bluetooth/host/libsubsys__bluetooth__host.a(conn.c.obj)
                0x0000000000010de8                bt_conn_get_pkts
                0x0000000000010e00                bt_conn_new
                0x0000000000010e5c                bt_conn_reset_rx_state
                0x0000000000010eb4                bt_conn_recv
                0x0000000000011000                bt_conn_send_cb
                0x00000000000110fc                bt_conn_send_iso_cb
                0x0000000000011148                bt_conn_prepare_events
                0x00000000000111d8                bt_conn_ref
                0x0000000000011206                bt_conn_unref
                0x0000000000011234                conn_lookup_handle
                0x0000000000011278                bt_conn_set_state
                0x00000000000114c2                bt_conn_lookup_handle
                0x0000000000011518                bt_conn_foreach
                0x0000000000011548                bt_conn_cleanup_all
                0x0000000000011558                bt_conn_index
                0x0000000000011570                bt_conn_create_pdu_timeout
                0x00000000000115c0                bt_conn_connected
                0x00000000000115d2                notify_le_param_updated
                0x0000000000011654                le_param_req
                0x00000000000116c8                bt_conn_ltk_present
                0x00000000000116f6                bt_conn_identity_resolved
                0x0000000000011750                bt_conn_le_start_encryption
                0x00000000000117d0                bt_conn_enc_key_size
                0x00000000000117e0                bt_conn_security_changed
                0x000000000001182c                bt_conn_set_security
                0x000000000001187c                bt_conn_get_security
                0x0000000000011880                bt_conn_cb_register
                0x0000000000011890                bt_conn_add_le
                0x0000000000011912                bt_conn_is_peer_addr_le
                0x0000000000011952                bt_conn_lookup_addr_le
                0x0000000000011988                bt_conn_exists_le
                0x0000000000011a3c                bt_conn_lookup_state_le
                0x0000000000011a80                bt_conn_get_dst
                0x0000000000011a84                bt_conn_get_info
                0x0000000000011b34                bt_conn_get_remote_info
                0x0000000000011b66                bt_conn_le_get_tx_power_level
                0x0000000000011b8c                bt_conn_le_create
                0x0000000000011c50                bt_conn_le_create_synced
                0x0000000000011ce0                bt_le_set_auto_conn
                0x0000000000011da8                bt_conn_disconnect
                0x0000000000011e1c                bt_conn_le_conn_update
                0x0000000000011ff4                bt_conn_le_param_update
                0x000000000001206e                bt_conn_create_frag_timeout
                0x000000000001207c                bt_conn_process_tx
                0x0000000000012190                bt_conn_auth_cb_register
                0x00000000000121c8                bt_conn_auth_cb_overlay
                0x00000000000121f6                bt_conn_auth_info_cb_register
                0x0000000000012224                bt_conn_auth_info_cb_unregister
                0x0000000000012248                bt_conn_auth_passkey_entry
                0x0000000000012258                bt_conn_auth_passkey_confirm
                0x0000000000012268                bt_conn_auth_cancel
                0x0000000000012278                bt_conn_auth_pairing_confirm
                0x0000000000012288                bt_conn_lookup_index
                0x0000000000012298                bt_conn_init
 .text          0x0000000000012304      0x564 zephyr/subsys/bluetooth/host/libsubsys__bluetooth__host.a(l2cap.c.obj)
                0x00000000000123ce                bt_l2cap_register_ecred_cb
                0x00000000000123d0                bt_l2cap_chan_remove
                0x000000000001240e                bt_l2cap_chan_state_str
                0x0000000000012428                bt_l2cap_chan_del
                0x0000000000012452                bt_l2cap_chan_add
                0x0000000000012470                bt_l2cap_connected
                0x00000000000124fc                bt_l2cap_disconnected
                0x000000000001252c                bt_l2cap_security_changed
                0x0000000000012566                bt_l2cap_create_pdu_timeout
                0x000000000001256c                bt_l2cap_send_cb
                0x0000000000012758                bt_l2cap_le_lookup_tx_cid
                0x000000000001276a                bt_l2cap_le_lookup_rx_cid
                0x000000000001277c                bt_l2cap_recv
                0x00000000000127fc                bt_l2cap_update_conn_param
                0x0000000000012864                bt_l2cap_init
 .text          0x0000000000012868     0x1e08 zephyr/subsys/bluetooth/host/libsubsys__bluetooth__host.a(att.c.obj)
                0x0000000000013970                att_sent
                0x0000000000013a34                bt_att_create_pdu
                0x0000000000013ab4                bt_att_create_rsp_pdu
                0x0000000000014090                bt_att_init
                0x00000000000140c8                bt_att_get_mtu
                0x000000000001411a                bt_att_req_alloc
                0x0000000000014160                bt_att_req_free
                0x00000000000144d4                bt_att_send
                0x0000000000014534                bt_att_req_send
                0x000000000001455e                bt_att_req_cancel
                0x00000000000145b4                bt_att_find_req_by_user_data
                0x00000000000145e6                bt_att_fixed_chan_only
                0x00000000000145ea                bt_att_clear_out_of_sync_sent
                0x000000000001460a                bt_att_out_of_sync_sent_on_fixed
                0x0000000000014620                bt_att_set_tx_meta_data
                0x000000000001462e                bt_att_increment_tx_meta_data_attr_count
                0x0000000000014638                bt_att_tx_meta_data_match
                0x0000000000014656                bt_att_chan_opt_valid
 .text          0x0000000000014670     0x2dbc zephyr/subsys/bluetooth/host/libsubsys__bluetooth__host.a(gatt.c.obj)
                0x0000000000014ca0                bt_gatt_attr_write_ccc
                0x00000000000150d2                bt_gatt_attr_read_service
                0x0000000000015124                bt_gatt_attr_read_ccc
                0x0000000000015374                bt_gatt_init
                0x00000000000153f8                bt_gatt_cb_register
                0x0000000000015418                bt_gatt_attr_read
                0x0000000000015446                bt_gatt_attr_get_handle
                0x00000000000154a8                bt_gatt_attr_value_handle
                0x00000000000154e2                bt_gatt_attr_read_chrc
                0x0000000000015544                bt_gatt_foreach_attr_type
                0x0000000000015734                bt_gatt_attr_read_included
                0x0000000000015798                bt_gatt_attr_next
                0x00000000000157bc                bt_gatt_attr_read_cep
                0x00000000000157f2                bt_gatt_attr_read_cud
                0x0000000000015830                bt_gatt_attr_read_cpf
                0x000000000001587e                bt_gatt_find_by_uuid
                0x00000000000158bc                bt_gatt_get_mtu
                0x00000000000158c0                bt_gatt_check_perm
                0x0000000000015934                bt_gatt_is_subscribed
                0x0000000000015b64                bt_gatt_indicate
                0x0000000000015ee0                bt_gatt_notify_cb
                0x000000000001611c                bt_gatt_exchange_mtu
                0x0000000000016174                bt_gatt_discover
                0x0000000000016a08                bt_gatt_read
                0x0000000000016ba8                bt_gatt_write_without_response_cb
                0x0000000000016c60                bt_gatt_write
                0x0000000000016d9c                bt_gatt_subscribe
                0x0000000000016e38                bt_gatt_resubscribe
                0x0000000000016ec4                bt_gatt_cancel
                0x0000000000016f02                bt_gatt_unsubscribe
                0x0000000000016fd8                bt_gatt_notification
                0x000000000001703e                bt_gatt_mult_notification
                0x000000000001710c                bt_gatt_connected
                0x000000000001716c                bt_gatt_att_max_mtu_changed
                0x0000000000017198                bt_gatt_encrypt_change
                0x00000000000171fc                bt_gatt_change_aware
                0x000000000001726c                bt_gatt_clear
                0x0000000000017364                bt_gatt_disconnected
 .text          0x000000000001742c     0x2f18 zephyr/subsys/bluetooth/host/libsubsys__bluetooth__host.a(smp.c.obj)
                0x00000000000191c0                bt_set_bondable
                0x00000000000191cc                bt_le_oob_set_sc_flag
                0x00000000000191d8                bt_le_oob_set_legacy_flag
                0x00000000000191e4                bt_smp_request_ltk
                0x00000000000192f8                bt_smp_sign_verify
                0x00000000000192fe                bt_smp_sign
                0x0000000000019304                bt_smp_irk_get
                0x0000000000019346                bt_smp_auth_cb_overlay
                0x000000000001937c                bt_smp_le_oob_generate_sc_data
                0x00000000000193e0                bt_smp_le_oob_get_sc_data
                0x0000000000019416                bt_smp_auth_pairing_confirm
                0x00000000000194a4                bt_smp_start_security
                0x0000000000019826                bt_smp_le_oob_set_tk
                0x000000000001985e                bt_smp_auth_passkey_entry
                0x00000000000198da                bt_smp_auth_passkey_confirm
                0x0000000000019948                bt_smp_le_oob_set_sc_data
                0x0000000000019a00                bt_smp_auth_cancel
                0x000000000001a1ca                bt_smp_update_keys
                0x000000000001a314                bt_smp_init
 .text          0x000000000001a344      0x1d4 zephyr/subsys/bluetooth/host/libsubsys__bluetooth__host.a(keys.c.obj)
                0x000000000001a344                bt_keys_get_addr
                0x000000000001a38c                bt_foreach_bond
                0x000000000001a3c8                bt_keys_foreach_type
                0x000000000001a3e4                bt_keys_find
                0x000000000001a42c                bt_keys_get_type
                0x000000000001a44c                bt_keys_find_irk
                0x000000000001a4d4                bt_keys_find_addr
                0x000000000001a4f4                bt_keys_add_type
                0x000000000001a4fc                bt_keys_clear
 .text          0x000000000001a518      0x358 zephyr/subsys/bluetooth/crypto/libsubsys__bluetooth__crypto.a(bt_crypto.c.obj)
                0x000000000001a548                bt_crypto_aes_cmac
                0x000000000001a584                bt_crypto_f4
                0x000000000001a5ce                bt_crypto_f5
                0x000000000001a6a0                bt_crypto_f6
                0x000000000001a738                bt_crypto_g2
                0x000000000001a7a0                bt_crypto_h6
                0x000000000001a7dc                bt_crypto_h7
                0x000000000001a816                bt_crypto_h8
 .text          0x000000000001a870      0x4fc zephyr/subsys/net/libsubsys__net.a(buf.c.obj)
                0x000000000001a8fa                net_buf_pool_get
                0x000000000001a908                net_buf_id
                0x000000000001a95c                net_buf_reset
                0x000000000001a966                net_buf_alloc_len
                0x000000000001aa64                net_buf_alloc_fixed
                0x000000000001aa6e                net_buf_alloc_with_data
                0x000000000001aa94                net_buf_get
                0x000000000001aa98                net_buf_slist_put
                0x000000000001aac4                net_buf_slist_get
                0x000000000001aaf2                net_buf_put
                0x000000000001aaf6                net_buf_unref
                0x000000000001ab5c                net_buf_ref
                0x000000000001ab64                net_buf_clone
                0x000000000001ac38                net_buf_frag_last
                0x000000000001ac44                net_buf_frag_insert
                0x000000000001ac5a                net_buf_frag_add
                0x000000000001ac7c                net_buf_frag_del
                0x000000000001ac94                net_buf_linearize
                0x000000000001acea                net_buf_append_bytes
 .text          0x000000000001ad6c     0x21e4 zephyr/subsys/net/ip/libsubsys__net__ip.a(net_if.c.obj)
                0x000000000001b26c                z_impl_net_if_get_by_index
                0x000000000001b290                net_if_stats_reset
                0x000000000001b292                net_if_stats_reset_all
                0x000000000001b294                net_if_set_link_addr_locked
                0x000000000001b2d2                net_if_get_by_link_addr
                0x000000000001b318                net_if_lookup_by_dev
                0x000000000001b33c                net_if_set_default
                0x000000000001b348                net_if_get_default
                0x000000000001b370                net_if_get_first_by_type
                0x000000000001b398                net_if_get_first_up
                0x000000000001b3c0                net_if_router_rm
                0x000000000001b3ec                net_if_mcast_mon_register
                0x000000000001b438                net_if_mcast_mon_unregister
                0x000000000001b464                net_if_mcast_monitor
                0x000000000001b4b4                net_if_config_ipv6_get
                0x000000000001b524                net_if_config_ipv6_put
                0x000000000001b58c                net_if_start_rs
                0x000000000001b6f0                net_if_stop_rs
                0x000000000001b730                net_if_ipv6_addr_lookup
                0x000000000001b880                net_if_ipv6_addr_lookup_by_iface
                0x000000000001b8de                net_if_ipv6_addr_update_lifetime
                0x000000000001b934                net_if_ipv6_addr_add
                0x000000000001bad8                net_if_start_dad
                0x000000000001bc7c                z_impl_net_if_ipv6_addr_add_by_index
                0x000000000001bc98                net_if_ipv6_addr_foreach
                0x000000000001bcda                net_if_ipv6_maddr_rm
                0x000000000001bd3e                net_if_ipv6_addr_rm
                0x000000000001be88                net_if_ipv6_dad_failed
                0x000000000001beb0                z_impl_net_if_ipv6_addr_rm_by_index
                0x000000000001c018                net_if_ipv6_maddr_lookup
                0x000000000001c0b0                net_if_ipv6_maddr_add
                0x000000000001c138                net_if_ipv6_maddr_leave
                0x000000000001c156                net_if_ipv6_maddr_join
                0x000000000001c174                net_if_ipv6_prefix_add
                0x000000000001c286                net_if_ipv6_prefix_get
                0x000000000001c2f8                net_if_ipv6_prefix_lookup
                0x000000000001c356                net_if_ipv6_addr_onlink
                0x000000000001c3e0                net_if_ipv6_prefix_set_timer
                0x000000000001c438                net_if_ipv6_prefix_unset_timer
                0x000000000001c478                net_if_ipv6_prefix_rm
                0x000000000001c508                net_if_ipv6_router_lookup
                0x000000000001c560                net_if_ipv6_router_find_default
                0x000000000001c5b0                net_if_ipv6_router_update_lifetime
                0x000000000001c5c6                net_if_ipv6_router_add
                0x000000000001c65c                net_if_ipv6_router_rm
                0x000000000001c6ac                net_if_ipv6_get_hop_limit
                0x000000000001c6c8                net_ipv6_set_hop_limit
                0x000000000001c6e6                net_if_ipv6_get_ll
                0x000000000001c776                net_if_ipv6_get_ll_addr
                0x000000000001c7c0                net_if_ipv6_get_global_addr
                0x000000000001c854                net_if_ipv6_select_src_addr
                0x000000000001c8e8                net_if_ipv6_select_src_iface
                0x000000000001c91a                net_if_ipv6_calc_reachable_time
                0x000000000001c93a                net_if_ipv4_maddr_lookup
                0x000000000001c93e                net_if_ipv4_addr_lookup
                0x000000000001c942                net_if_ipv4_get_global_addr
                0x000000000001c946                net_if_select_src_iface
                0x000000000001c964                net_if_recv_data
                0x000000000001c976                net_if_register_link_cb
                0x000000000001c9c0                net_if_unregister_link_cb
                0x000000000001c9f0                net_if_call_link_cb
                0x000000000001cacc                net_if_queue_tx
                0x000000000001cae2                net_if_send_data
                0x000000000001cb7e                net_process_tx_packet
                0x000000000001cb84                net_if_need_calc_tx_checksum
                0x000000000001cb88                net_if_need_calc_rx_checksum
                0x000000000001cb8c                net_if_get_by_iface
                0x000000000001cbb8                z_impl_net_if_ipv6_addr_lookup_by_index
                0x000000000001cbd8                net_if_foreach
                0x000000000001cbfc                net_if_up
                0x000000000001cc46                net_if_down
                0x000000000001ccc6                net_if_carrier_on
                0x000000000001ccec                net_if_carrier_off
                0x000000000001cd12                net_if_dormant_on
                0x000000000001cd38                net_if_dormant_off
                0x000000000001cd5e                net_if_is_wifi
                0x000000000001cd62                net_if_get_first_wifi
                0x000000000001cd66                net_if_get_name
                0x000000000001cd9e                net_if_set_name
                0x000000000001cdce                net_if_get_by_name
                0x000000000001ce14                net_if_init
                0x000000000001cf28                net_if_post_init
 .text          0x000000000001cf50      0x848 zephyr/subsys/net/ip/libsubsys__net__ip.a(utils.c.obj)
                0x000000000001cf50                net_proto2str
                0x000000000001cfac                net_byte_to_hex
                0x000000000001cfe8                net_sprint_ll_addr_buf
                0x000000000001d040                z_impl_net_addr_ntop
                0x000000000001d204                net_sprint_addr
                0x000000000001d22c                z_impl_net_addr_pton
                0x000000000001d3c0                calc_chksum
                0x000000000001d4be                net_calc_chksum
                0x000000000001d5b8                net_ipaddr_parse
                0x000000000001d710                net_bytes_from_str
                0x000000000001d76e                net_family2str
                0x000000000001d780                net_ipv4_unspecified_address
                0x000000000001d788                net_ipv4_broadcast_address
                0x000000000001d790                net_ipv6_unspecified_address
 .text          0x000000000001d798      0xc14 zephyr/subsys/net/ip/libsubsys__net__ip.a(net_context.c.obj)
                0x000000000001d840                net_context_packet_received
                0x000000000001d8f0                net_context_port_in_use
                0x000000000001d902                net_context_get
                0x000000000001da5c                net_context_ref
                0x000000000001da70                net_context_unref
                0x000000000001dac2                net_context_put
                0x000000000001db0c                net_context_bind
                0x000000000001dc28                net_context_listen
                0x000000000001dc56                net_context_create_ipv6_new
                0x000000000001dec6                net_context_connect
                0x000000000001dfa8                net_context_accept
                0x000000000001dffe                net_context_send
                0x000000000001e064                net_context_sendmsg
                0x000000000001e0a6                net_context_sendto
                0x000000000001e0f0                net_context_recv
                0x000000000001e22c                net_context_update_recv_wnd
                0x000000000001e24c                net_context_set_option
                0x000000000001e2b8                net_context_get_option
                0x000000000001e31c                net_context_foreach
                0x000000000001e378                net_context_state
                0x000000000001e39c                net_context_init
 .text          0x000000000001e3ac      0xcac zephyr/subsys/net/ip/libsubsys__net__ip.a(net_pkt.c.obj)
                0x000000000001e602                net_pkt_get_reserve_data
                0x000000000001e630                net_pkt_get_reserve_rx_data
                0x000000000001e63c                net_pkt_get_reserve_tx_data
                0x000000000001e648                net_pkt_get_frag
                0x000000000001e668                net_pkt_ref
                0x000000000001e692                net_pkt_frag_ref
                0x000000000001e69a                net_pkt_frag_unref
                0x000000000001e6a2                net_pkt_unref
                0x000000000001e6e2                net_pkt_frag_del
                0x000000000001e702                net_pkt_frag_add
                0x000000000001e71e                net_pkt_frag_insert
                0x000000000001e732                net_pkt_compact
                0x000000000001e7ba                net_pkt_get_info
                0x000000000001e7e8                net_pkt_available_buffer
                0x000000000001e80c                net_pkt_available_payload_buffer
                0x000000000001e852                net_pkt_trim_buffer
                0x000000000001e886                net_pkt_remove_tail
                0x000000000001e8bc                net_pkt_cursor_init
                0x000000000001e92c                net_pkt_alloc
                0x000000000001e938                net_pkt_alloc_from_slab
                0x000000000001e93e                net_pkt_rx_alloc
                0x000000000001e968                net_pkt_alloc_on_iface
                0x000000000001e974                net_pkt_rx_alloc_on_iface
                0x000000000001e980                net_pkt_append_buffer
                0x000000000001e9a2                net_pkt_alloc_buffer
                0x000000000001eac8                net_pkt_alloc_with_buffer
                0x000000000001eaec                net_pkt_rx_alloc_with_buffer
                0x000000000001eb10                net_pkt_alloc_buffer_raw
                0x000000000001eb6c                net_pkt_skip
                0x000000000001ecaa                net_pkt_memset
                0x000000000001ecc0                net_pkt_read
                0x000000000001ecd2                net_pkt_read_be16
                0x000000000001ecea                net_pkt_read_le16
                0x000000000001ed00                net_pkt_read_be32
                0x000000000001ed18                net_pkt_copy
                0x000000000001edba                net_pkt_shallow_clone
                0x000000000001edf8                net_pkt_remaining_data
                0x000000000001ee1a                net_pkt_update_length
                0x000000000001ee3a                net_pkt_pull
                0x000000000001eea0                net_pkt_get_current_offset
                0x000000000001ef8c                net_pkt_clone
                0x000000000001ef90                net_pkt_rx_clone
                0x000000000001ef98                net_pkt_get_contiguous_len
                0x000000000001efca                net_pkt_is_contiguous
                0x000000000001efdc                net_pkt_write
                0x000000000001f012                net_pkt_get_data
                0x000000000001f04e                net_pkt_set_data
                0x000000000001f056                net_pkt_init
 .text          0x000000000001f058       0xbc zephyr/subsys/net/ip/libsubsys__net__ip.a(net_tc.c.obj)
                0x000000000001f074                net_tc_submit_to_tx_queue
                0x000000000001f078                net_tc_submit_to_rx_queue
                0x000000000001f08c                net_tx_priority2tc
                0x000000000001f090                net_rx_priority2tc
                0x000000000001f0a0                net_tc_tx_init
                0x000000000001f0a2                net_tc_rx_init
 .text          0x000000000001f114      0x570 zephyr/subsys/net/ip/libsubsys__net__ip.a(connection.c.obj)
                0x000000000001f190                net_conn_register
                0x000000000001f370                net_conn_unregister
                0x000000000001f3e8                net_conn_change_callback
                0x000000000001f418                net_conn_input
                0x000000000001f620                net_conn_foreach
                0x000000000001f64c                net_conn_init
 .text          0x000000000001f684      0x5a4 zephyr/subsys/net/ip/libsubsys__net__ip.a(icmpv6.c.obj)
                0x000000000001f684                net_icmpv6_type2str
                0x000000000001f754                net_icmpv6_register_handler
                0x000000000001f768                net_icmpv6_unregister_handler
                0x000000000001f7a0                net_icmpv6_finalize
                0x000000000001f7de                net_icmpv6_create
                0x000000000001f8d8                net_icmpv6_send_error
                0x000000000001fa6e                net_icmpv6_send_echo_request
                0x000000000001fbaa                net_icmpv6_input
                0x000000000001fc1c                net_icmpv6_init
 .text          0x000000000001fc28      0x1f4 zephyr/subsys/net/ip/libsubsys__net__ip.a(nbr.c.obj)
                0x000000000001fc28                net_nbr_unref
                0x000000000001fc3a                net_nbr_ref
                0x000000000001fc42                net_nbr_get
                0x000000000001fc74                net_nbr_link
                0x000000000001fd20                net_nbr_unlink
                0x000000000001fd68                net_nbr_lookup
                0x000000000001fdd4                net_nbr_get_lladdr
                0x000000000001fde4                net_nbr_clear_table
                0x000000000001fe1a                net_nbr_print
 .text          0x000000000001fe1c      0x528 zephyr/subsys/net/ip/libsubsys__net__ip.a(ipv6.c.obj)
                0x000000000001fe74                net_ipv6_create
                0x000000000001ff06                net_ipv6_finalize
                0x000000000001ff90                net_ipv6_input
                0x0000000000020334                net_ipv6_init
 .text          0x0000000000020344     0x1604 zephyr/subsys/net/ip/libsubsys__net__ip.a(ipv6_nbr.c.obj)
                0x0000000000020390                net_neighbor_data_remove
                0x0000000000020656                net_neighbor_table_clear
                0x0000000000020764                net_ipv6_nbr_state2str
                0x000000000002077c                net_ipv6_nbr_foreach
                0x0000000000020794                net_ipv6_nbr_rm
                0x0000000000020870                net_ipv6_nbr_lookup_by_index
                0x00000000000208ac                net_ipv6_nbr_lookup
                0x00000000000208ae                net_ipv6_get_nbr
                0x00000000000208e8                net_ipv6_send_na
                0x00000000000209c2                net_ipv6_nbr_set_reachable_timer
                0x0000000000020c48                net_ipv6_send_ns
                0x0000000000020e18                net_ipv6_nbr_add
                0x00000000000215f0                net_ipv6_start_dad
                0x000000000002160a                net_ipv6_prepare_for_send
                0x0000000000021810                net_ipv6_send_rs
                0x00000000000218f0                net_ipv6_start_rs
                0x00000000000218f4                net_ipv6_nbr_init
 .text          0x0000000000021948      0x3e0 zephyr/subsys/net/ip/libsubsys__net__ip.a(ipv6_mld.c.obj)
                0x0000000000021c44                net_ipv6_mld_join
                0x0000000000021cc6                net_ipv6_mld_leave
                0x0000000000021d1c                net_ipv6_mld_init
 .text          0x0000000000021d28      0x794 zephyr/subsys/net/ip/libsubsys__net__ip.a(route.c.obj)
                0x0000000000021dda                net_route_get_nbr
                0x0000000000021e20                net_routes_print
                0x0000000000021e34                net_route_lookup
                0x0000000000021efc                net_route_update_lifetime
                0x0000000000021f94                net_route_del
                0x00000000000220c4                net_route_del_by_nexthop
                0x0000000000022124                net_route_del_by_nexthop_data
                0x00000000000221ac                net_route_get_nexthop
                0x00000000000221de                net_route_add
                0x0000000000022334                net_route_foreach
                0x0000000000022374                net_route_get_info
                0x00000000000223ce                net_route_packet
                0x0000000000022476                net_route_packet_if
                0x00000000000224ac                net_route_init
 .text          0x00000000000224bc      0x3b8 zephyr/subsys/net/lib/dns/libsubsys__net__lib__dns.a(dns_pack.c.obj)
                0x00000000000224bc                dns_msg_pack_qname
                0x000000000002252c                dns_unpack_answer
                0x00000000000225ae                dns_unpack_response_header
                0x0000000000022602                dns_msg_pack_query
                0x0000000000022670                dns_unpack_response_query
                0x00000000000226cc                dns_copy_qname
                0x000000000002273a                mdns_unpack_query_header
                0x000000000002277c                dns_unpack_query
 .text          0x0000000000022874      0xad4 zephyr/subsys/net/lib/dns/libsubsys__net__lib__dns.a(resolve.c.obj)
                0x0000000000022c20                dns_resolve_init
                0x0000000000022c52                dns_resolve_cancel_with_name
                0x0000000000023048                dns_resolve_cancel
                0x000000000002304c                dns_resolve_name
                0x0000000000023250                dns_resolve_close
                0x0000000000023278                dns_resolve_reconfigure
                0x0000000000023330                dns_resolve_get_default
                0x0000000000023338                dns_init_resolver
 .text          0x0000000000023348       0x2c zephyr/drivers/adc/libdrivers__adc.a(adc_common.c.obj)
                0x0000000000023348                adc_gain_invert
 .text          0x0000000000023374      0x4b4 zephyr/drivers/adc/libdrivers__adc.a(adc_nrfx_saadc.c.obj)
 .text          0x0000000000023828      0x3c8 zephyr/drivers/bluetooth/libdrivers__bluetooth.a(rpmsg.c.obj)
 .text          0x0000000000023bf0      0x4b8 zephyr/drivers/clock_control/libdrivers__clock_control.a(clock_control_nrf.c.obj)
                0x0000000000023f3c                z_nrf_clock_control_get_onoff
                0x0000000000023f4c                z_nrf_clock_bt_ctlr_hf_request
                0x0000000000023f70                z_nrf_clock_bt_ctlr_hf_release
                0x0000000000023fa8                z_nrf_clock_control_lf_on
 .text          0x00000000000240a8       0x54 zephyr/drivers/console/libdrivers__console.a(uart_console.c.obj)
                0x00000000000240f8                uart_register_input
 .text          0x00000000000240fc      0x910 zephyr/drivers/flash/libdrivers__flash.a(nrf_qspi_nor.c.obj)
                0x0000000000024978                z_impl_nrf_qspi_nor_xip_enable
 .text          0x0000000000024a0c      0x238 zephyr/drivers/flash/libdrivers__flash.a(soc_flash_nrf.c.obj)
 .text          0x0000000000024c44      0x2ac zephyr/drivers/flash/libdrivers__flash.a(jesd216.c.obj)
                0x0000000000024c62                jesd216_bfp_read_support
                0x0000000000024d0e                jesd216_bfp_erase
                0x0000000000024d34                jesd216_bfp_erase_type_times
                0x0000000000024d88                jesd216_bfp_decode_dw11
                0x0000000000024e0c                jesd216_bfp_decode_dw14
                0x0000000000024e60                jesd216_bfp_decode_dw15
                0x0000000000024eb0                jesd216_bfp_decode_dw16
 .text          0x0000000000024ef0      0x328 zephyr/drivers/gpio/libdrivers__gpio.a(gpio_nrfx.c.obj)
 .text          0x0000000000025218      0x374 zephyr/drivers/i2c/libdrivers__i2c.a(i2c_nrfx_twim.c.obj)
 .text          0x000000000002558c      0x294 zephyr/drivers/mbox/libdrivers__mbox.a(mbox_nrfx_ipc.c.obj)
 .text          0x0000000000025820      0x1b0 zephyr/drivers/pinctrl/libdrivers__pinctrl.a(pinctrl_nrf.c.obj)
                0x0000000000025844                pinctrl_configure_pins
 .text          0x00000000000259d0      0x2bc zephyr/drivers/pwm/libdrivers__pwm.a(pwm_nrfx.c.obj)
 .text          0x0000000000025c8c      0x634 zephyr/drivers/serial/libdrivers__serial.a(uart_nrfx_uarte.c.obj)
 .text          0x00000000000262c0      0x7fc zephyr/drivers/spi/libdrivers__spi.a(spi_nrfx_spim.c.obj)
 .text          0x0000000000026abc       0xe4 zephyr/drivers/spi/libdrivers__spi.a(spi_nrfx_common.c.obj)
                0x0000000000026afc                spi_nrfx_wake_init
                0x0000000000026b50                spi_nrfx_wake_request
 .text          0x0000000000026ba0      0x618 zephyr/drivers/timer/libdrivers__timer.a(nrf_rtc_timer.c.obj)
                0x0000000000026c7c                z_nrf_rtc_timer_compare_evt_address_get
                0x0000000000026c8c                z_nrf_rtc_timer_capture_task_address_get
                0x0000000000026c9e                z_nrf_rtc_timer_compare_int_lock
                0x0000000000026ca0                z_nrf_rtc_timer_compare_int_unlock
                0x0000000000026ca2                z_nrf_rtc_timer_compare_read
                0x0000000000026cb4                z_nrf_rtc_timer_abort
                0x0000000000026d08                z_nrf_rtc_timer_read
                0x0000000000026d44                z_nrf_rtc_timer_get_ticks
                0x0000000000026edc                z_nrf_rtc_timer_set
                0x0000000000026ef4                z_nrf_rtc_timer_exact_set
                0x0000000000026fa8                rtc_nrf_isr
                0x00000000000270a4                z_nrf_rtc_timer_chan_alloc
                0x00000000000270e4                z_nrf_rtc_timer_chan_free
                0x0000000000027100                z_nrf_rtc_timer_trigger_overflow
                0x0000000000027106                sys_clock_set_timeout
                0x000000000002716c                sys_clock_elapsed
                0x0000000000027180                sys_clock_cycle_get_32
                0x0000000000027188                sys_clock_disable
 .text          0x00000000000271b8      0x13c zephyr/drivers/watchdog/libdrivers__watchdog.a(wdt_nrfx.c.obj)
 .text          0x00000000000272f4       0x5c modules/nrf/lib/fatal_error/lib..__nrf__lib__fatal_error.a(fatal_error.c.obj)
                0x000000000002731c                k_sys_fatal_error_handler
 .text          0x0000000000027350      0x25c modules/hal_nordic/nrfx/libmodules__hal_nordic__nrfx.a(system_nrf5340_application.c.obj)
                0x0000000000027374                SystemCoreClockUpdate
                0x0000000000027394                SystemInit
                0x0000000000027558                SystemStoreFICRNS
                0x000000000002758c                SystemLockFICRNS
 .text          0x00000000000275ac       0xdc modules/hal_nordic/nrfx/libmodules__hal_nordic__nrfx.a(nrfx_glue.c.obj)
                0x00000000000275ac                nrfx_isr
                0x00000000000275ae                nrfx_busy_wait
                0x00000000000275b2                nrfx_error_string_get
 .text          0x0000000000027688       0x80 modules/hal_nordic/nrfx/libmodules__hal_nordic__nrfx.a(nrfx_flag32_allocator.c.obj)
                0x0000000000027688                nrfx_flag32_is_allocated
                0x0000000000027692                nrfx_flag32_alloc
                0x00000000000276d0                nrfx_flag32_free
 .text          0x0000000000027708      0x128 modules/hal_nordic/nrfx/libmodules__hal_nordic__nrfx.a(nrfx_gppi_dppi.c.obj)
                0x0000000000027708                nrfx_gppi_channel_check
                0x000000000002771c                nrfx_gppi_channels_disable_all
                0x000000000002772c                nrfx_gppi_channels_enable
                0x0000000000027738                nrfx_gppi_channels_disable
                0x0000000000027744                nrfx_gppi_task_trigger
                0x0000000000027752                nrfx_gppi_event_endpoint_setup
                0x000000000002775c                nrfx_gppi_task_endpoint_setup
                0x0000000000027766                nrfx_gppi_channel_endpoints_setup
                0x0000000000027774                nrfx_gppi_channel_endpoints_clear
                0x0000000000027780                nrfx_gppi_event_endpoint_clear
                0x0000000000027788                nrfx_gppi_task_endpoint_clear
                0x0000000000027790                nrfx_gppi_fork_endpoint_setup
                0x000000000002779a                nrfx_gppi_fork_endpoint_clear
                0x00000000000277a2                nrfx_gppi_channels_include_in_group
                0x00000000000277b8                nrfx_gppi_channels_remove_from_group
                0x00000000000277d0                nrfx_gppi_group_clear
                0x00000000000277e4                nrfx_gppi_group_enable
                0x00000000000277f4                nrfx_gppi_group_disable
                0x0000000000027804                nrfx_gppi_task_address_get
                0x000000000002780e                nrfx_gppi_group_disable_task_get
                0x0000000000027818                nrfx_gppi_group_enable_task_get
                0x0000000000027820                nrfx_gppi_channel_alloc
                0x0000000000027824                nrfx_gppi_channel_free
                0x0000000000027828                nrfx_gppi_group_alloc
                0x000000000002782c                nrfx_gppi_group_free
 .text          0x0000000000027830      0x46c modules/hal_nordic/nrfx/libmodules__hal_nordic__nrfx.a(nrfx_clock.c.obj)
                0x00000000000279b6                nrfx_clock_init
                0x00000000000279d8                nrfx_clock_enable
                0x00000000000279fc                nrfx_clock_disable
                0x0000000000027a10                nrfx_clock_uninit
                0x0000000000027a38                nrfx_clock_start
                0x0000000000027af6                nrfx_clock_stop
                0x0000000000027af8                nrfx_clock_calibration_start
                0x0000000000027b00                nrfx_clock_is_calibrating
                0x0000000000027b08                nrfx_clock_calibration_timer_start
                0x0000000000027b0a                nrfx_clock_calibration_timer_stop
                0x0000000000027b0c                nrfx_clock_divider_set
                0x0000000000027bec                nrfx_power_clock_irq_handler
 .text          0x0000000000027c9c      0x268 modules/hal_nordic/nrfx/libmodules__hal_nordic__nrfx.a(nrfx_dppi.c.obj)
                0x0000000000027c9c                nrfx_dppi_free
                0x0000000000027cec                nrfx_dppi_channel_alloc
                0x0000000000027cf8                nrfx_dppi_channel_free
                0x0000000000027d14                nrfx_dppi_channel_enable
                0x0000000000027d48                nrfx_dppi_channel_disable
                0x0000000000027d7c                nrfx_dppi_group_alloc
                0x0000000000027d88                nrfx_dppi_group_free
                0x0000000000027da4                nrfx_dppi_channel_include_in_group
                0x0000000000027e04                nrfx_dppi_channel_remove_from_group
                0x0000000000027e68                nrfx_dppi_group_clear
                0x0000000000027ea0                nrfx_dppi_group_enable
                0x0000000000027ed0                nrfx_dppi_group_disable
 .text          0x0000000000027f04      0xa6c modules/hal_nordic/nrfx/libmodules__hal_nordic__nrfx.a(nrfx_gpiote.c.obj)
                0x0000000000028120                nrfx_gpiote_input_configure
                0x0000000000028290                nrfx_gpiote_output_configure
                0x000000000002838c                nrfx_gpiote_global_callback_set
                0x0000000000028398                nrfx_gpiote_channel_get
                0x00000000000283c8                nrfx_gpiote_init
                0x0000000000028418                nrfx_gpiote_is_init
                0x000000000002842c                nrfx_gpiote_channel_free
                0x0000000000028438                nrfx_gpiote_channel_alloc
                0x0000000000028444                nrfx_gpiote_out_set
                0x000000000002845c                nrfx_gpiote_out_clear
                0x0000000000028474                nrfx_gpiote_out_toggle
                0x0000000000028496                nrfx_gpiote_out_task_enable
                0x00000000000284b6                nrfx_gpiote_out_task_disable
                0x00000000000284d6                nrfx_gpiote_out_task_get
                0x00000000000284e4                nrfx_gpiote_out_task_address_get
                0x00000000000284f4                nrfx_gpiote_set_task_get
                0x0000000000028506                nrfx_gpiote_set_task_address_get
                0x0000000000028516                nrfx_gpiote_clr_task_get
                0x0000000000028528                nrfx_gpiote_clr_task_address_get
                0x0000000000028538                nrfx_gpiote_out_task_force
                0x0000000000028562                nrfx_gpiote_out_task_trigger
                0x000000000002857a                nrfx_gpiote_set_task_trigger
                0x0000000000028596                nrfx_gpiote_clr_task_trigger
                0x00000000000285b2                nrfx_gpiote_trigger_enable
                0x0000000000028648                nrfx_gpiote_trigger_disable
                0x0000000000028694                nrfx_gpiote_pin_uninit
                0x0000000000028718                nrfx_gpiote_uninit
                0x0000000000028788                nrfx_gpiote_in_is_set
                0x00000000000287a2                nrfx_gpiote_in_event_get
                0x00000000000287c4                nrfx_gpiote_in_event_address_get
                0x00000000000287d4                nrfx_gpiote_irq_handler
 .text          0x0000000000028970      0x15c modules/hal_nordic/nrfx/libmodules__hal_nordic__nrfx.a(nrfx_ipc.c.obj)
                0x0000000000028970                nrfx_ipc_init
                0x00000000000289a0                nrfx_ipc_config_load
                0x00000000000289e0                nrfx_ipc_uninit
                0x0000000000028a20                nrfx_ipc_receive_event_enable
                0x0000000000028a30                nrfx_ipc_receive_event_disable
                0x0000000000028a40                nrfx_ipc_receive_event_group_enable
                0x0000000000028a4c                nrfx_ipc_receive_event_group_disable
                0x0000000000028a58                nrfx_ipc_receive_event_channel_assign
                0x0000000000028a72                nrfx_ipc_send_task_channel_assign
                0x0000000000028a8c                nrfx_ipc_irq_handler